sh: 1: vitest: not found
